test_acknowledge_removes_pending (test_reference_core.FoundationTests.test_acknowledge_removes_pending) ... ok
test_attachment_bytes_roundtrip (test_reference_core.FoundationTests.test_attachment_bytes_roundtrip) ... ok
test_attachment_corruption_detected (test_reference_core.FoundationTests.test_attachment_corruption_detected) ... ok
test_attachment_empty (test_reference_core.FoundationTests.test_attachment_empty) ... ok
test_attachment_missing_blob_not_claimed (test_reference_core.FoundationTests.test_attachment_missing_blob_not_claimed) ... ok
test_attachment_path_escape (test_reference_core.FoundationTests.test_attachment_path_escape) ... ok
test_attachment_repeat (test_reference_core.FoundationTests.test_attachment_repeat) ... ok
test_attention_budget_not_daily_report (test_reference_core.FoundationTests.test_attention_budget_not_daily_report) ... ok
test_backup_inside_live_rejected (test_reference_core.FoundationTests.test_backup_inside_live_rejected) ... ok
test_backup_restore_in_new_directory (test_reference_core.FoundationTests.test_backup_restore_in_new_directory) ... ok
test_batch_duplicate_id_rejected (test_reference_core.FoundationTests.test_batch_duplicate_id_rejected) ... ok
test_batch_invalid_interval (test_reference_core.FoundationTests.test_batch_invalid_interval) ... ok
test_batch_replay_idempotent (test_reference_core.FoundationTests.test_batch_replay_idempotent) ... ok
test_batch_updates_existing_uuid (test_reference_core.FoundationTests.test_batch_updates_existing_uuid) ... ok
test_batch_upsert_and_delete_rejected (test_reference_core.FoundationTests.test_batch_upsert_and_delete_rejected) ... ok
test_boolean_measurement_rejected (test_reference_core.FoundationTests.test_boolean_measurement_rejected) ... ok
test_candidate_deduplicates_rephrasing (test_reference_core.FoundationTests.test_candidate_deduplicates_rephrasing) ... ok
test_chinese_substring (test_reference_core.FoundationTests.test_chinese_substring) ... ok
test_concurrent_same_request (test_reference_core.FoundationTests.test_concurrent_same_request) ... ok
test_cursor_advances_only_with_commit (test_reference_core.FoundationTests.test_cursor_advances_only_with_commit) ... ok
test_database_permissions (test_reference_core.FoundationTests.test_database_permissions) ... ok
test_delete_native_sample (test_reference_core.FoundationTests.test_delete_native_sample) ... ok
test_delete_unseen_sample (test_reference_core.FoundationTests.test_delete_unseen_sample) ... ok
test_empty_bootstrap (test_reference_core.FoundationTests.test_empty_bootstrap) ... ok
test_failed_batch_rolls_back_values_and_cursor (test_reference_core.FoundationTests.test_failed_batch_rolls_back_values_and_cursor) ... ok
test_idempotency_conflict (test_reference_core.FoundationTests.test_idempotency_conflict) ... ok
test_idempotent_same_body (test_reference_core.FoundationTests.test_idempotent_same_body) ... ok
test_instant_canonical (test_reference_core.FoundationTests.test_instant_canonical) ... ok
test_invalid_timezone (test_reference_core.FoundationTests.test_invalid_timezone) ... ok
test_limit_reject_bool (test_reference_core.FoundationTests.test_limit_reject_bool) ... ok
test_missing_evidence_rollback (test_reference_core.FoundationTests.test_missing_evidence_rollback) ... ok
test_nonfinite_measurement_rejected (test_reference_core.FoundationTests.test_nonfinite_measurement_rejected) ... ok
test_off_preference_persists (test_reference_core.FoundationTests.test_off_preference_persists) ... ok
test_opaque_file_id_not_original (test_reference_core.FoundationTests.test_opaque_file_id_not_original) ... ok
test_oura_batch_blocked (test_reference_core.FoundationTests.test_oura_batch_blocked) ... ok
test_oura_registration_blocked (test_reference_core.FoundationTests.test_oura_registration_blocked) ... ok
test_oura_write_blocked (test_reference_core.FoundationTests.test_oura_write_blocked) ... ok
test_query_expression_memory_limit (test_reference_core.FoundationTests.test_query_expression_memory_limit) ... ok
test_query_incremental_output_cap (test_reference_core.FoundationTests.test_query_incremental_output_cap) ... FAIL
test_question_reference_must_exist (test_reference_core.FoundationTests.test_question_reference_must_exist) ... ok
test_quiet_blocks_within_week_but_normal_allows_after_three_days (test_reference_core.FoundationTests.test_quiet_blocks_within_week_but_normal_allows_after_three_days) ... ok
test_readonly_aggregate (test_reference_core.FoundationTests.test_readonly_aggregate) ... ok
test_readonly_parameterized (test_reference_core.FoundationTests.test_readonly_parameterized) ... ok
test_reopen_preserves_record (test_reference_core.FoundationTests.test_reopen_preserves_record) ... ok
test_restore_corrupt_snapshot_rejected (test_reference_core.FoundationTests.test_restore_corrupt_snapshot_rejected) ... ok
test_restore_existing_root_rejected (test_reference_core.FoundationTests.test_restore_existing_root_rejected) ... ok
test_restore_manifest_path_traversal_rejected (test_reference_core.FoundationTests.test_restore_manifest_path_traversal_rejected) ... ok
test_restore_missing_referenced_blob_rejected (test_reference_core.FoundationTests.test_restore_missing_referenced_blob_rejected) ... ok
test_restore_without_manifest_rejected (test_reference_core.FoundationTests.test_restore_without_manifest_rejected) ... ok
test_revision_conflict (test_reference_core.FoundationTests.test_revision_conflict) ... ok
test_revision_has_history (test_reference_core.FoundationTests.test_revision_has_history) ... ok
test_revision_kind_mismatch (test_reference_core.FoundationTests.test_revision_kind_mismatch) ... ok
test_search_escapes_wildcards (test_reference_core.FoundationTests.test_search_escapes_wildcards) ... ok
test_search_pagination (test_reference_core.FoundationTests.test_search_pagination) ... ok
test_silence_is_valid_and_empty (test_reference_core.FoundationTests.test_silence_is_valid_and_empty) ... ok
test_source_key_duplicate (test_reference_core.FoundationTests.test_source_key_duplicate) ... ok
test_sql_attach_blocked (test_reference_core.FoundationTests.test_sql_attach_blocked) ... ok
test_sql_extension_blocked (test_reference_core.FoundationTests.test_sql_extension_blocked) ... ok
test_sql_multiple_statements_blocked (test_reference_core.FoundationTests.test_sql_multiple_statements_blocked) ... ok
test_sql_pragma_blocked (test_reference_core.FoundationTests.test_sql_pragma_blocked) ... ok
test_sql_recursive_query_blocked (test_reference_core.FoundationTests.test_sql_recursive_query_blocked) ... ok
test_sql_result_truncation_explicit (test_reference_core.FoundationTests.test_sql_result_truncation_explicit) ... ok
test_sql_secret_tables_blocked (test_reference_core.FoundationTests.test_sql_secret_tables_blocked) ... ok
test_sql_write_blocked (test_reference_core.FoundationTests.test_sql_write_blocked) ... ok
test_superseded_evidence_not_surfaced (test_reference_core.FoundationTests.test_superseded_evidence_not_surfaced) ... ok
test_superseded_question_invalidates_pending (test_reference_core.FoundationTests.test_superseded_question_invalidates_pending) ... ok
test_timezone_offset_required (test_reference_core.FoundationTests.test_timezone_offset_required) ... ok
test_valid_candidate_queued (test_reference_core.FoundationTests.test_valid_candidate_queued) ... ok
test_all_evidence_shape_passes (test_release_gate.ReleaseGateTests.test_all_evidence_shape_passes) ... ok
test_core_not_run_blocks (test_release_gate.ReleaseGateTests.test_core_not_run_blocks) ... ok
test_evidence_hash_mismatch (test_release_gate.ReleaseGateTests.test_evidence_hash_mismatch) ... ok
test_evidence_path_traversal (test_release_gate.ReleaseGateTests.test_evidence_path_traversal) ... ok
test_failed_quality_blocks (test_release_gate.ReleaseGateTests.test_failed_quality_blocks) ... ok
test_honest_external_gap (test_release_gate.ReleaseGateTests.test_honest_external_gap) ... ok
test_missing_check (test_release_gate.ReleaseGateTests.test_missing_check) ... ok
test_not_run_cannot_claim_ready (test_release_gate.ReleaseGateTests.test_not_run_cannot_claim_ready) ... ok

======================================================================
FAIL: test_query_incremental_output_cap (test_reference_core.FoundationTests.test_query_incremental_output_cap)
----------------------------------------------------------------------
Traceback (most recent call last):
  File "/mnt/data/personal_health_implementation_package_v2/tests/test_reference_core.py", line 280, in test_query_incremental_output_cap
    self.expect_error('result_too_large', self.s.query_readonly,
    ~~~~~~~~~~~~~~~~~^^^^^^^^^^^^^^^^^^^^^^^^^^^^^^^^^^^^^^^^^^^
                      "SELECT replace(replace(?, 'a', ?), 'b', ?) FROM sources",
                      ^^^^^^^^^^^^^^^^^^^^^^^^^^^^^^^^^^^^^^^^^^^^^^^^^^^^^^^^^^
                      ['a'*1000, 'b'*100, 'c'*4])
                      ^^^^^^^^^^^^^^^^^^^^^^^^^^^
  File "/mnt/data/personal_health_implementation_package_v2/tests/test_reference_core.py", line 50, in expect_error
    self.assertEqual(caught.exception.code, code)
    ~~~~~~~~~~~~~~~~^^^^^^^^^^^^^^^^^^^^^^^^^^^^^
AssertionError: 'query_rejected' != 'result_too_large'
- query_rejected
+ result_too_large


----------------------------------------------------------------------
Ran 76 tests in 0.208s

FAILED (failures=1)
